2026-09-20 17:18:23 +0000 [MT] Initial pipeline context: <IDEDistributionProcessingPipelineContext: 0x7de7f7000; archive(resolved)="<IDEArchive: 0x7dc7b5f10>", distributionTask(resolved)="2", distributionDestination(resolved)="1", distributionMethod(resolved)="<IDEDistributionMethodiOSAppStoreDistribution: 0x7dc110950>", team(resolved)="<IDEProvisioningBasicTeam: 0x7dc15be00; teamID='T37B6B6S7K', teamName='(null)'>">
	Chain (15, self inclusive):
	<IDEDistributionProcessingPipelineContext: 0x7de7f7000; archive = "<IDEArchive: 0x7dc7b5f10>", distributionMethod="<IDEDistributionMethodiOSAppStoreDistribution: 0x7dc110950>", team="<IDEProvisioningBasicTeam: 0x7dc15be00; teamID='T37B6B6S7K', teamName='(null)'>">
	<IDEDistributionProcessingPipelineContext: 0x7de7f6a00; archive = "<IDEArchive: 0x7dc7b5f10>", distributionMethod="<IDEDistributionMethodiOSAppStoreDistribution: 0x7dc110950>", team="<IDEProvisioningBasicTeam: 0x7dc15be00; teamID='T37B6B6S7K', teamName='(null)'>">
	<IDEDistributionContext: 0x7dc0a2f80; archive = "<IDEArchive: 0x7dc7b5f10>", distributionMethod="<IDEDistributionMethodiOSAppStoreDistribution: 0x7dc110950>", team="<IDEProvisioningBasicTeam: 0x7dc15be00; teamID='T37B6B6S7K', teamName='(null)'>">
	<IDEDistributionContext: 0x7dc0a2a80; archive = "<IDEArchive: 0x7dc7b5f10>", distributionMethod="<IDEDistributionMethodiOSAppStoreDistribution: 0x7dc110950>", team="<IDEProvisioningBasicTeam: 0x7dc15be00; teamID='T37B6B6S7K', teamName='(null)'>">
	<IDEDistributionContext: 0x7dc0a2800; archive = "<IDEArchive: 0x7dc7b5f10>", distributionMethod="<IDEDistributionMethodiOSAppStoreDistribution: 0x7dc110950>", team="<IDEProvisioningBasicTeam: 0x7dc15be00; teamID='T37B6B6S7K', teamName='(null)'>">
	<IDEDistributionContext: 0x7dc0a2580; archive = "<IDEArchive: 0x7dc7b5f10>", distributionMethod="<IDEDistributionMethodiOSAppStoreDistribution: 0x7dc110950>", team="<IDEProvisioningBasicTeam: 0x7dc15be00; teamID='T37B6B6S7K', teamName='(null)'>">
	<IDEDistributionContext: 0x7dc0a2300; archive = "<IDEArchive: 0x7dc7b5f10>", distributionMethod="<IDEDistributionMethodiOSAppStoreDistribution: 0x7dc110950>", team="<IDEProvisioningBasicTeam: 0x7dc15be00; teamID='T37B6B6S7K', teamName='(null)'>">
	<IDEDistributionContext: 0x7dc0a2080; archive = "<IDEArchive: 0x7dc7b5f10>", distributionMethod="<IDEDistributionMethodiOSAppStoreDistribution: 0x7dc110950>", team="<IDEProvisioningBasicTeam: 0x7dc15be00; teamID='T37B6B6S7K', teamName='(null)'>">
	<IDEDistributionContext: 0x7dc0a1e00; archive = "<IDEArchive: 0x7dc7b5f10>", distributionMethod="<IDEDistributionMethodiOSAppStoreDistribution: 0x7dc110950>", team="<IDEProvisioningBasicTeam: 0x7dc15be00; teamID='T37B6B6S7K', teamName='(null)'>">
	<IDEDistributionContext: 0x7dc0a1180; archive = "<IDEArchive: 0x7dc7b5f10>", distributionMethod="<IDEDistributionMethodiOSAppStoreDistribution: 0x7dc110950>", team="<IDEProvisioningBasicTeam: 0x7dc15be00; teamID='T37B6B6S7K', teamName='(null)'>">
	<IDEDistributionContext: 0x7dc0a0f00; archive = "<IDEArchive: 0x7dc7b5f10>", distributionMethod="<IDEDistributionMethodiOSAppStoreDistribution: 0x7dc110950>", team="<IDEProvisioningBasicTeam: 0x7dc15be00; teamID='T37B6B6S7K', teamName='(null)'>">
	<IDEDistributionContext: 0x7dc0a0a00; archive = "<IDEArchive: 0x7dc7b5f10>", distributionMethod="<IDEDistributionMethodiOSAppStoreDistribution: 0x7dc110950>", team="<IDEProvisioningBasicTeam: 0x7dc15be00; teamID='T37B6B6S7K', teamName='(null)'>">
	<IDEDistributionContext: 0x7dc0a0780; archive = "<IDEArchive: 0x7dc7b5f10>", distributionMethod="<IDEDistributionMethodiOSAppStoreDistribution: 0x7dc110950>", team="(null)">
	<IDEDistributionContext: 0x7dc0a0000; archive = "<IDEArchive: 0x7dc7b5f10>", distributionMethod="<IDEDistributionMethodiOSAppStoreDistribution: 0x7dc110950>", team="(null)">
	<IDEDistributionContext: 0x103f06a90; archive = "<IDEArchive: 0x7dc7b5f10>", distributionMethod="(null)", team="(null)">
</IDEDistributionProcessingPipelineContext: 0x7de7f7000>
2026-09-20 17:18:23 +0000 [MT] Processing step: IDEDistributionCreateDestRootStep
2026-09-20 17:18:23 +0000 [MT] Processing step: IDEDistributionCopyItemStep
2026-09-20 17:18:23 +0000 [MT] Running /usr/bin/ditto '-V' '/Users/durukan/Desktop/Projects/ChargenChew/ios/ChargeAndChew.xcarchive/Products/Applications/ChargeAndChew.app' '/var/folders/s7/lnf79lnn6t99dff_w6b0lbwr0000gn/T/XcodeDistPipeline.~~~ZAFmrP/Root/Payload/ChargeAndChew.app'
2026-09-20 17:18:23 +0000  >>> Copying /Users/durukan/Desktop/Projects/ChargenChew/ios/ChargeAndChew.xcarchive/Products/Applications/ChargeAndChew.app 
2026-09-20 17:18:23 +0000  copying file ./_CodeSignature/CodeResources ... 
2026-09-20 17:18:23 +0000  9125 bytes for ./_CodeSignature/CodeResources
2026-09-20 17:18:23 +0000  copying file ./Metadata.appintents/version.json ... 
2026-09-20 17:18:23 +0000  53 bytes for ./Metadata.appintents/version.json
2026-09-20 17:18:23 +0000  copying file ./Metadata.appintents/nlu/nlu.lzfse ... 
2026-09-20 17:18:23 +0000  5438 bytes for ./Metadata.appintents/nlu/nlu.lzfse
2026-09-20 17:18:23 +0000  copying file ./Metadata.appintents/nlu/038fc083a3a8d86533c945fe5fa4908b.version ... 
2026-09-20 17:18:23 +0000  1 bytes for ./Metadata.appintents/nlu/038fc083a3a8d86533c945fe5fa4908b.version
2026-09-20 17:18:23 +0000  copying file ./Metadata.appintents/extract.actionsdata ... 
2026-09-20 17:18:23 +0000  2777 bytes for ./Metadata.appintents/extract.actionsdata
2026-09-20 17:18:23 +0000  copying file ./PlugIns/ChargeAndChewWidget.appex/_CodeSignature/CodeResources ... 
2026-09-20 17:18:23 +0000  2040 bytes for ./PlugIns/ChargeAndChewWidget.appex/_CodeSignature/CodeResources
2026-09-20 17:18:23 +0000  copying file ./PlugIns/ChargeAndChewWidget.appex/ChargeAndChewWidget ... 
2026-09-20 17:18:23 +0000  173360 bytes for ./PlugIns/ChargeAndChewWidget.appex/ChargeAndChewWidget
2026-09-20 17:18:23 +0000  copying file ./PlugIns/ChargeAndChewWidget.appex/embedded.mobileprovision ... 
2026-09-20 17:18:23 +0000  12197 bytes for ./PlugIns/ChargeAndChewWidget.appex/embedded.mobileprovision
2026-09-20 17:18:23 +0000  copying file ./PlugIns/ChargeAndChewWidget.appex/Info.plist ... 
2026-09-20 17:18:23 +0000  1024 bytes for ./PlugIns/ChargeAndChewWidget.appex/Info.plist
2026-09-20 17:18:23 +0000  copying file ./AppIcon60x60@2x.png ... 
2026-09-20 17:18:23 +0000  9440 bytes for ./AppIcon60x60@2x.png
2026-09-20 17:18:23 +0000  copying file ./Web/index.html ... 
2026-09-20 17:18:23 +0000  236368 bytes for ./Web/index.html
2026-09-20 17:18:23 +0000  copying file ./Web/apple-touch-icon.png ... 
2026-09-20 17:18:23 +0000  13717 bytes for ./Web/apple-touch-icon.png
2026-09-20 17:18:23 +0000  copying file ./Web/icon-192.png ... 
2026-09-20 17:18:23 +0000  6741 bytes for ./Web/icon-192.png
2026-09-20 17:18:23 +0000  copying file ./Web/data.js ... 
2026-09-20 17:18:23 +0000  4478678 bytes for ./Web/data.js
2026-09-20 17:18:23 +0000  copying file ./Web/manifest.json ... 
962 bytes for ./Web/manifest.json
copying file ./Web/favicon.svg ... 
784 bytes for ./Web/favicon.svg
copying file ./Web/vendor/leaflet.js ... 
2026-09-20 17:18:23 +0000  147552 bytes for ./Web/vendor/leaflet.js
2026-09-20 17:18:23 +0000  copying file ./Web/vendor/images/layers.png ... 
2026-09-20 17:18:23 +0000  696 bytes for ./Web/vendor/images/layers.png
2026-09-20 17:18:23 +0000  copying file ./Web/vendor/images/marker-icon.png ... 
2026-09-20 17:18:23 +0000  1466 bytes for ./Web/vendor/images/marker-icon.png
2026-09-20 17:18:23 +0000  copying file ./Web/vendor/images/marker-icon-2x.png ... 
2026-09-20 17:18:23 +0000  2464 bytes for ./Web/vendor/images/marker-icon-2x.png
2026-09-20 17:18:23 +0000  copying file ./Web/vendor/images/marker-shadow.png ... 
2026-09-20 17:18:23 +0000  618 bytes for ./Web/vendor/images/marker-shadow.png
2026-09-20 17:18:23 +0000  copying file ./Web/vendor/images/layers-2x.png ... 
2026-09-20 17:18:23 +0000  1259 bytes for ./Web/vendor/images/layers-2x.png
2026-09-20 17:18:23 +0000  copying file ./Web/vendor/leaflet.css ... 
2026-09-20 17:18:23 +0000  14806 bytes for ./Web/vendor/leaflet.css
2026-09-20 17:18:23 +0000  copying file ./Web/icon-512.png ... 
2026-09-20 17:18:23 +0000  74309 bytes for ./Web/icon-512.png
2026-09-20 17:18:23 +0000  copying file ./ChargeAndChew ... 
2026-09-20 17:18:23 +0000  271952 bytes for ./ChargeAndChew
2026-09-20 17:18:23 +0000  copying file ./Assets.car ... 
2026-09-20 17:18:23 +0000  245288 bytes for ./Assets.car
2026-09-20 17:18:23 +0000  copying file ./AppIcon76x76@2x~ipad.png ... 
2026-09-20 17:18:23 +0000  12728 bytes for ./AppIcon76x76@2x~ipad.png
2026-09-20 17:18:23 +0000  copying file ./LaunchScreen.storyboardc/01J-lp-oVM-view-Ze5-6b-2t3.nib ... 
2026-09-20 17:18:23 +0000  2214 bytes for ./LaunchScreen.storyboardc/01J-lp-oVM-view-Ze5-6b-2t3.nib
2026-09-20 17:18:23 +0000  copying file ./LaunchScreen.storyboardc/UIViewController-01J-lp-oVM.nib ... 
2026-09-20 17:18:23 +0000  924 bytes for ./LaunchScreen.storyboardc/UIViewController-01J-lp-oVM.nib
2026-09-20 17:18:23 +0000  copying file ./LaunchScreen.storyboardc/Info.plist ... 
2026-09-20 17:18:23 +0000  258 bytes for ./LaunchScreen.storyboardc/Info.plist
2026-09-20 17:18:23 +0000  copying file ./embedded.mobileprovision ... 
2026-09-20 17:18:23 +0000  12197 bytes for ./embedded.mobileprovision
2026-09-20 17:18:23 +0000  copying file ./Info.plist ... 
2026-09-20 17:18:23 +0000  3324 bytes for ./Info.plist
2026-09-20 17:18:23 +0000  copying file ./PkgInfo ... 
2026-09-20 17:18:23 +0000  8 bytes for ./PkgInfo
2026-09-20 17:18:23 +0000 [MT] /usr/bin/ditto exited with 0
2026-09-20 17:18:23 +0000 [MT] Processing step: IDEDistributionEmbedProfileStep
2026-09-20 17:18:23 +0000 [MT] Processing step: IDEDistributionInfoPlistStep
2026-09-20 17:18:23 +0000 [MT] Skipping setting DTXcodeBuildDistribution because toolsBuildVersionName was nil.
2026-09-20 17:18:23 +0000 [MT] Skipping setting DTXcodeBuildDistribution because toolsBuildVersionName was nil.
2026-09-20 17:18:23 +0000 [MT] Processing step: IDEDistributionItemRemovalStep
2026-09-20 17:18:23 +0000 [MT] Processing step: IDEDistributionAppThinningPlistStep
2026-09-20 17:18:23 +0000 [MT] Skipping step: IDEDistributionAppThinningPlistStep because it said so
2026-09-20 17:18:23 +0000 [MT] Processing step: IDEDistributionSymbolsStep
2026-09-20 17:18:23 +0000 [MT] Writing /var/folders/s7/lnf79lnn6t99dff_w6b0lbwr0000gn/T/XcodeDistPipeline.~~~ZAFmrP/Symbols/42C750C6-C4BE-39D8-91BE-CCE04EDC0A69.symbols
2026-09-20 17:18:23 +0000 [MT] Writing /var/folders/s7/lnf79lnn6t99dff_w6b0lbwr0000gn/T/XcodeDistPipeline.~~~ZAFmrP/Symbols/89AA5C48-09A1-3275-B38C-518E77FFAFB8.symbols
2026-09-20 17:18:23 +0000 [MT] Processing step: IDEDistributionCopyAppleProvidedContentStep
2026-09-20 17:18:23 +0000 [MT] Processing step: IDEDistributionAppThinningStep
2026-09-20 17:18:23 +0000 [MT] Skipping step: IDEDistributionAppThinningStep because it said so
2026-09-20 17:18:23 +0000 [MT] Processing step: IDEDistributionArchThinningStep
2026-09-20 17:18:23 +0000 [MT] Archs to thin for item /Users/durukan/Desktop/Projects/ChargenChew/ios/ChargeAndChew.xcarchive/Products/Applications/ChargeAndChew.app/PlugIns/ChargeAndChewWidget.appex are []
2026-09-20 17:18:23 +0000 [MT] Archs to thin for item /Users/durukan/Desktop/Projects/ChargenChew/ios/ChargeAndChew.xcarchive/Products/Applications/ChargeAndChew.app are []
2026-09-20 17:18:23 +0000 [MT] Processing step: IDEDistributionODRStep
2026-09-20 17:18:23 +0000 [MT] Processing step: IDEDistributionStripXattrsStep
2026-09-20 17:18:23 +0000 [MT] Skipping stripping extended attributes because the codesign step will strip them.
2026-09-20 17:18:23 +0000 [MT] Skipping stripping extended attributes because the codesign step will strip them.
2026-09-20 17:18:23 +0000 [MT] Processing step: IDEDistributionCodesignStep
2026-09-20 17:18:23 +0000 [MT] Entitlements for <IDEDistributionItem: 0x7de579aa0; bundleID='com.chargeandchew.app.widget', path='<DVTFilePath:0x7dc1044d0:'/Users/durukan/Desktop/Projects/ChargenChew/ios/ChargeAndChew.xcarchive/Products/Applications/ChargeAndChew.app/PlugIns/ChargeAndChewWidget.appex'>', codeSigningInfo='<_DVTCodeSigningInformation_Path: 0x7de5799e0; isSigned='1', isAdHocSigned='0', signingCertificate='<DVTSigningCertificate: 0x7dc103aa0; name='Apple Development: durukan_al@yahoo.com (2TNFTA48D9)', hash='C04A2E4DC5A21184165F5566ACBEFEDEB9F00C4C', serialNumber='160EBB6A8A9BFAF632CABA830BBB04D3', certificateKinds='(
    "1.2.840.113635.100.6.1.12",
    "1.2.840.113635.100.6.1.2"
), issueDate='2026-07-24 23:51:55 +0000''>', entitlements='{
    "application-identifier" = "T37B6B6S7K.com.chargeandchew.app.widget";
    "com.apple.developer.team-identifier" = T37B6B6S7K;
    "get-task-allow" = 1;
}', teamID='T37B6B6S7K', identifier='com.chargeandchew.app.widget', executablePath='<DVTFilePath:0x7dc104690:'/Users/durukan/Desktop/Projects/ChargenChew/ios/ChargeAndChew.xcarchive/Products/Applications/ChargeAndChew.app/PlugIns/ChargeAndChewWidget.appex/ChargeAndChewWidget'>', hardenedRuntime='0'>'>: {
    "application-identifier" = "T37B6B6S7K.com.chargeandchew.app.widget";
    "beta-reports-active" = 1;
    "com.apple.developer.team-identifier" = T37B6B6S7K;
    "get-task-allow" = 0;
}
2026-09-20 17:18:23 +0000 [MT] Associated App Clip Identifiers Filter: Skipping because "com.apple.developer.associated-appclip-app-identifiers" is not present
2026-09-20 17:18:23 +0000 [MT] Entitlements for <IDEDistributionItem: 0x7de579aa0; bundleID='com.chargeandchew.app.widget', path='<DVTFilePath:0x7dc1044d0:'/Users/durukan/Desktop/Projects/ChargenChew/ios/ChargeAndChew.xcarchive/Products/Applications/ChargeAndChew.app/PlugIns/ChargeAndChewWidget.appex'>', codeSigningInfo='<_DVTCodeSigningInformation_Path: 0x7de5799e0; isSigned='1', isAdHocSigned='0', signingCertificate='<DVTSigningCertificate: 0x7dc103aa0; name='Apple Development: durukan_al@yahoo.com (2TNFTA48D9)', hash='C04A2E4DC5A21184165F5566ACBEFEDEB9F00C4C', serialNumber='160EBB6A8A9BFAF632CABA830BBB04D3', certificateKinds='(
    "1.2.840.113635.100.6.1.12",
    "1.2.840.113635.100.6.1.2"
), issueDate='2026-07-24 23:51:55 +0000''>', entitlements='{
    "application-identifier" = "T37B6B6S7K.com.chargeandchew.app.widget";
    "com.apple.developer.team-identifier" = T37B6B6S7K;
    "get-task-allow" = 1;
}', teamID='T37B6B6S7K', identifier='com.chargeandchew.app.widget', executablePath='<DVTFilePath:0x7dc104690:'/Users/durukan/Desktop/Projects/ChargenChew/ios/ChargeAndChew.xcarchive/Products/Applications/ChargeAndChew.app/PlugIns/ChargeAndChewWidget.appex/ChargeAndChewWidget'>', hardenedRuntime='0'>'> are: {
    "application-identifier" = "T37B6B6S7K.com.chargeandchew.app.widget";
    "beta-reports-active" = 1;
    "com.apple.developer.team-identifier" = T37B6B6S7K;
    "get-task-allow" = 0;
}
2026-09-20 17:18:23 +0000 [MT] Writing entitlements for <IDEDistributionItem: 0x7de579aa0; bundleID='com.chargeandchew.app.widget', path='<DVTFilePath:0x7dc1044d0:'/Users/durukan/Desktop/Projects/ChargenChew/ios/ChargeAndChew.xcarchive/Products/Applications/ChargeAndChew.app/PlugIns/ChargeAndChewWidget.appex'>', codeSigningInfo='<_DVTCodeSigningInformation_Path: 0x7de5799e0; isSigned='1', isAdHocSigned='0', signingCertificate='<DVTSigningCertificate: 0x7dc103aa0; name='Apple Development: durukan_al@yahoo.com (2TNFTA48D9)', hash='C04A2E4DC5A21184165F5566ACBEFEDEB9F00C4C', serialNumber='160EBB6A8A9BFAF632CABA830BBB04D3', certificateKinds='(
    "1.2.840.113635.100.6.1.12",
    "1.2.840.113635.100.6.1.2"
), issueDate='2026-07-24 23:51:55 +0000''>', entitlements='{
    "application-identifier" = "T37B6B6S7K.com.chargeandchew.app.widget";
    "com.apple.developer.team-identifier" = T37B6B6S7K;
    "get-task-allow" = 1;
}', teamID='T37B6B6S7K', identifier='com.chargeandchew.app.widget', executablePath='<DVTFilePath:0x7dc104690:'/Users/durukan/Desktop/Projects/ChargenChew/ios/ChargeAndChew.xcarchive/Products/Applications/ChargeAndChew.app/PlugIns/ChargeAndChewWidget.appex/ChargeAndChewWidget'>', hardenedRuntime='0'>'> to: /var/folders/s7/lnf79lnn6t99dff_w6b0lbwr0000gn/T/XcodeDistPipeline.~~~ZAFmrP/entitlements~~~T7CGpF
2026-09-20 17:18:23 +0000 [MT] invoking codesign: <NSConcreteTask: 0x7dea719f0; launchPath='/usr/bin/codesign', arguments='(
    "-f",
    "-s",
    27299B6F910E3D7E5B024DA17B3630627BFECF55,
    "--entitlements",
    "/var/folders/s7/lnf79lnn6t99dff_w6b0lbwr0000gn/T/XcodeDistPipeline.~~~ZAFmrP/entitlements~~~T7CGpF",
    "--preserve-metadata=identifier,flags,runtime,launch-constraints,library-constraints",
    "--generate-entitlement-der",
    "--strip-disallowed-xattrs",
    "-vvv",
    "/var/folders/s7/lnf79lnn6t99dff_w6b0lbwr0000gn/T/XcodeDistPipeline.~~~ZAFmrP/Root/Payload/ChargeAndChew.app/PlugIns/ChargeAndChewWidget.appex"
)'>
2026-09-20 17:18:23 +0000 [MT] codesign output: /var/folders/s7/lnf79lnn6t99dff_w6b0lbwr0000gn/T/XcodeDistPipeline.~~~ZAFmrP/Root/Payload/ChargeAndChew.app/PlugIns/ChargeAndChewWidget.appex: replacing existing signature
/var/folders/s7/lnf79lnn6t99dff_w6b0lbwr0000gn/T/XcodeDistPipeline.~~~ZAFmrP/Root/Payload/ChargeAndChew.app/PlugIns/ChargeAndChewWidget.appex: signed bundle with Mach-O thin (arm64) [com.chargeandchew.app.widget]
2026-09-20 17:18:23 +0000 [MT] Entitlements for <IDEDistributionItem: 0x7de579bc0; bundleID='com.chargeandchew.app', path='<DVTFilePath:0x7dc7b5f80:'/Users/durukan/Desktop/Projects/ChargenChew/ios/ChargeAndChew.xcarchive/Products/Applications/ChargeAndChew.app'>', codeSigningInfo='<_DVTCodeSigningInformation_Path: 0x7de579a40; isSigned='1', isAdHocSigned='0', signingCertificate='<DVTSigningCertificate: 0x7dc103020; name='Apple Development: durukan_al@yahoo.com (2TNFTA48D9)', hash='C04A2E4DC5A21184165F5566ACBEFEDEB9F00C4C', serialNumber='160EBB6A8A9BFAF632CABA830BBB04D3', certificateKinds='(
    "1.2.840.113635.100.6.1.12",
    "1.2.840.113635.100.6.1.2"
), issueDate='2026-07-24 23:51:55 +0000''>', entitlements='{
    "application-identifier" = "T37B6B6S7K.com.chargeandchew.app";
    "com.apple.developer.team-identifier" = T37B6B6S7K;
    "get-task-allow" = 1;
}', teamID='T37B6B6S7K', identifier='com.chargeandchew.app', executablePath='<DVTFilePath:0x7de579620:'/Users/durukan/Desktop/Projects/ChargenChew/ios/ChargeAndChew.xcarchive/Products/Applications/ChargeAndChew.app/ChargeAndChew'>', hardenedRuntime='0'>'>: {
    "application-identifier" = "T37B6B6S7K.com.chargeandchew.app";
    "beta-reports-active" = 1;
    "com.apple.developer.team-identifier" = T37B6B6S7K;
    "get-task-allow" = 0;
}
2026-09-20 17:18:23 +0000 [MT] Associated App Clip Identifiers Filter: Skipping because "com.apple.developer.associated-appclip-app-identifiers" is not present
2026-09-20 17:18:23 +0000 [MT] Entitlements for <IDEDistributionItem: 0x7de579bc0; bundleID='com.chargeandchew.app', path='<DVTFilePath:0x7dc7b5f80:'/Users/durukan/Desktop/Projects/ChargenChew/ios/ChargeAndChew.xcarchive/Products/Applications/ChargeAndChew.app'>', codeSigningInfo='<_DVTCodeSigningInformation_Path: 0x7de579a40; isSigned='1', isAdHocSigned='0', signingCertificate='<DVTSigningCertificate: 0x7dc103020; name='Apple Development: durukan_al@yahoo.com (2TNFTA48D9)', hash='C04A2E4DC5A21184165F5566ACBEFEDEB9F00C4C', serialNumber='160EBB6A8A9BFAF632CABA830BBB04D3', certificateKinds='(
    "1.2.840.113635.100.6.1.12",
    "1.2.840.113635.100.6.1.2"
), issueDate='2026-07-24 23:51:55 +0000''>', entitlements='{
    "application-identifier" = "T37B6B6S7K.com.chargeandchew.app";
    "com.apple.developer.team-identifier" = T37B6B6S7K;
    "get-task-allow" = 1;
}', teamID='T37B6B6S7K', identifier='com.chargeandchew.app', executablePath='<DVTFilePath:0x7de579620:'/Users/durukan/Desktop/Projects/ChargenChew/ios/ChargeAndChew.xcarchive/Products/Applications/ChargeAndChew.app/ChargeAndChew'>', hardenedRuntime='0'>'> are: {
    "application-identifier" = "T37B6B6S7K.com.chargeandchew.app";
    "beta-reports-active" = 1;
    "com.apple.developer.team-identifier" = T37B6B6S7K;
    "get-task-allow" = 0;
}
2026-09-20 17:18:23 +0000 [MT] Writing entitlements for <IDEDistributionItem: 0x7de579bc0; bundleID='com.chargeandchew.app', path='<DVTFilePath:0x7dc7b5f80:'/Users/durukan/Desktop/Projects/ChargenChew/ios/ChargeAndChew.xcarchive/Products/Applications/ChargeAndChew.app'>', codeSigningInfo='<_DVTCodeSigningInformation_Path: 0x7de579a40; isSigned='1', isAdHocSigned='0', signingCertificate='<DVTSigningCertificate: 0x7dc103020; name='Apple Development: durukan_al@yahoo.com (2TNFTA48D9)', hash='C04A2E4DC5A21184165F5566ACBEFEDEB9F00C4C', serialNumber='160EBB6A8A9BFAF632CABA830BBB04D3', certificateKinds='(
    "1.2.840.113635.100.6.1.12",
    "1.2.840.113635.100.6.1.2"
), issueDate='2026-07-24 23:51:55 +0000''>', entitlements='{
    "application-identifier" = "T37B6B6S7K.com.chargeandchew.app";
    "com.apple.developer.team-identifier" = T37B6B6S7K;
    "get-task-allow" = 1;
}', teamID='T37B6B6S7K', identifier='com.chargeandchew.app', executablePath='<DVTFilePath:0x7de579620:'/Users/durukan/Desktop/Projects/ChargenChew/ios/ChargeAndChew.xcarchive/Products/Applications/ChargeAndChew.app/ChargeAndChew'>', hardenedRuntime='0'>'> to: /var/folders/s7/lnf79lnn6t99dff_w6b0lbwr0000gn/T/XcodeDistPipeline.~~~ZAFmrP/entitlements~~~XIxQMZ
2026-09-20 17:18:23 +0000 [MT] invoking codesign: <NSConcreteTask: 0x7dea71900; launchPath='/usr/bin/codesign', arguments='(
    "-f",
    "-s",
    27299B6F910E3D7E5B024DA17B3630627BFECF55,
    "--entitlements",
    "/var/folders/s7/lnf79lnn6t99dff_w6b0lbwr0000gn/T/XcodeDistPipeline.~~~ZAFmrP/entitlements~~~XIxQMZ",
    "--preserve-metadata=identifier,flags,runtime,launch-constraints,library-constraints",
    "--generate-entitlement-der",
    "--strip-disallowed-xattrs",
    "-vvv",
    "/var/folders/s7/lnf79lnn6t99dff_w6b0lbwr0000gn/T/XcodeDistPipeline.~~~ZAFmrP/Root/Payload/ChargeAndChew.app"
)'>
2026-09-20 17:18:23 +0000 [MT] codesign output: /var/folders/s7/lnf79lnn6t99dff_w6b0lbwr0000gn/T/XcodeDistPipeline.~~~ZAFmrP/Root/Payload/ChargeAndChew.app: replacing existing signature
/var/folders/s7/lnf79lnn6t99dff_w6b0lbwr0000gn/T/XcodeDistPipeline.~~~ZAFmrP/Root/Payload/ChargeAndChew.app: signed app bundle with Mach-O thin (arm64) [com.chargeandchew.app]
2026-09-20 17:18:23 +0000 [MT] Processing step: IDEDistributionZipODRItemStep
2026-09-20 17:18:23 +0000 [MT] Skipping step: IDEDistributionZipODRItemStep because it said so
2026-09-20 17:18:23 +0000 [MT] Skipping step: IDEDistributionZipODRItemStep because it said so
2026-09-20 17:18:23 +0000 [MT] Processing step: IDEDistributionCreateIPAStep
2026-09-20 17:18:23 +0000 [MT] Running /usr/bin/rsync '-8aPhhE' '/var/folders/s7/lnf79lnn6t99dff_w6b0lbwr0000gn/T/XcodeDistPipeline.~~~ZAFmrP/Symbols' '--link-dest' '/var/folders/s7/lnf79lnn6t99dff_w6b0lbwr0000gn/T/XcodeDistPipeline.~~~ZAFmrP' '/var/folders/s7/lnf79lnn6t99dff_w6b0lbwr0000gn/T/XcodeDistPipeline.~~~ZAFmrP/Root'
2026-09-20 17:18:23 +0000  Symbols/
Symbols/42C750C6-C4BE-39D8-91BE-CCE04EDC0A69.symbols
Symbols/89AA5C48-09A1-3275-B38C-518E77FFAFB8.symbols
2026-09-20 17:18:23 +0000 [MT] /usr/bin/rsync exited with 0
2026-09-20 17:18:23 +0000 [MT] Running /usr/bin/ditto '-V' '-c' '-k' '--norsrc' '/var/folders/s7/lnf79lnn6t99dff_w6b0lbwr0000gn/T/XcodeDistPipeline.~~~ZAFmrP/Root' '/var/folders/s7/lnf79lnn6t99dff_w6b0lbwr0000gn/T/XcodeDistPipeline.~~~ZAFmrP/Packages/ChargeAndChew.ipa'
2026-09-20 17:18:23 +0000  >>> Copying /var/folders/s7/lnf79lnn6t99dff_w6b0lbwr0000gn/T/XcodeDistPipeline.~~~ZAFmrP/Root 
2026-09-20 17:18:23 +0000  copying file ./Payload/ChargeAndChew.app/_CodeSignature/CodeResources ... 
2026-09-20 17:18:23 +0000  9125 bytes for ./Payload/ChargeAndChew.app/_CodeSignature/CodeResources
2026-09-20 17:18:23 +0000  copying file ./Payload/ChargeAndChew.app/Metadata.appintents/version.json ... 
2026-09-20 17:18:23 +0000  53 bytes for ./Payload/ChargeAndChew.app/Metadata.appintents/version.json
2026-09-20 17:18:23 +0000  copying file ./Payload/ChargeAndChew.app/Metadata.appintents/nlu/nlu.lzfse ... 
2026-09-20 17:18:23 +0000  5438 bytes for ./Payload/ChargeAndChew.app/Metadata.appintents/nlu/nlu.lzfse
2026-09-20 17:18:23 +0000  copying file ./Payload/ChargeAndChew.app/Metadata.appintents/nlu/038fc083a3a8d86533c945fe5fa4908b.version ... 
2026-09-20 17:18:23 +0000  1 bytes for ./Payload/ChargeAndChew.app/Metadata.appintents/nlu/038fc083a3a8d86533c945fe5fa4908b.version
2026-09-20 17:18:23 +0000  copying file ./Payload/ChargeAndChew.app/Metadata.appintents/extract.actionsdata ... 
2026-09-20 17:18:23 +0000  2777 bytes for ./Payload/ChargeAndChew.app/Metadata.appintents/extract.actionsdata
2026-09-20 17:18:23 +0000  copying file ./Payload/ChargeAndChew.app/PlugIns/ChargeAndChewWidget.appex/_CodeSignature/CodeResources ... 
2026-09-20 17:18:23 +0000  2040 bytes for ./Payload/ChargeAndChew.app/PlugIns/ChargeAndChewWidget.appex/_CodeSignature/CodeResources
2026-09-20 17:18:23 +0000  copying file ./Payload/ChargeAndChew.app/PlugIns/ChargeAndChewWidget.appex/ChargeAndChewWidget ... 
2026-09-20 17:18:23 +0000  173424 bytes for ./Payload/ChargeAndChew.app/PlugIns/ChargeAndChewWidget.appex/ChargeAndChewWidget
2026-09-20 17:18:23 +0000  copying file ./Payload/ChargeAndChew.app/PlugIns/ChargeAndChewWidget.appex/embedded.mobileprovision ... 
2026-09-20 17:18:23 +0000  12157 bytes for ./Payload/ChargeAndChew.app/PlugIns/ChargeAndChewWidget.appex/embedded.mobileprovision
2026-09-20 17:18:23 +0000  copying file ./Payload/ChargeAndChew.app/PlugIns/ChargeAndChewWidget.appex/Info.plist ... 
2026-09-20 17:18:23 +0000  1027 bytes for ./Payload/ChargeAndChew.app/PlugIns/ChargeAndChewWidget.appex/Info.plist
2026-09-20 17:18:23 +0000  copying file ./Payload/ChargeAndChew.app/AppIcon60x60@2x.png ... 
2026-09-20 17:18:23 +0000  9440 bytes for ./Payload/ChargeAndChew.app/AppIcon60x60@2x.png
2026-09-20 17:18:23 +0000  copying file ./Payload/ChargeAndChew.app/Web/index.html ... 
2026-09-20 17:18:23 +0000  236368 bytes for ./Payload/ChargeAndChew.app/Web/index.html
2026-09-20 17:18:23 +0000  copying file ./Payload/ChargeAndChew.app/Web/apple-touch-icon.png ... 
2026-09-20 17:18:23 +0000  13717 bytes for ./Payload/ChargeAndChew.app/Web/apple-touch-icon.png
2026-09-20 17:18:23 +0000  copying file ./Payload/ChargeAndChew.app/Web/icon-192.png ... 
2026-09-20 17:18:23 +0000  6741 bytes for ./Payload/ChargeAndChew.app/Web/icon-192.png
2026-09-20 17:18:23 +0000  copying file ./Payload/ChargeAndChew.app/Web/data.js ... 
2026-09-20 17:18:23 +0000  4478678 bytes for ./Payload/ChargeAndChew.app/Web/data.js
2026-09-20 17:18:23 +0000  copying file ./Payload/ChargeAndChew.app/Web/manifest.json ... 
962 bytes for ./Payload/ChargeAndChew.app/Web/manifest.json
copying file ./Payload/ChargeAndChew.app/Web/favicon.svg ... 
2026-09-20 17:18:23 +0000  784 bytes for ./Payload/ChargeAndChew.app/Web/favicon.svg
2026-09-20 17:18:23 +0000  copying file ./Payload/ChargeAndChew.app/Web/vendor/leaflet.js ... 
2026-09-20 17:18:23 +0000  147552 bytes for ./Payload/ChargeAndChew.app/Web/vendor/leaflet.js
2026-09-20 17:18:23 +0000  copying file ./Payload/ChargeAndChew.app/Web/vendor/images/layers.png ... 
2026-09-20 17:18:23 +0000  696 bytes for ./Payload/ChargeAndChew.app/Web/vendor/images/layers.png
2026-09-20 17:18:23 +0000  copying file ./Payload/ChargeAndChew.app/Web/vendor/images/marker-icon.png ... 
2026-09-20 17:18:23 +0000  1466 bytes for ./Payload/ChargeAndChew.app/Web/vendor/images/marker-icon.png
2026-09-20 17:18:23 +0000  copying file ./Payload/ChargeAndChew.app/Web/vendor/images/marker-icon-2x.png ... 
2026-09-20 17:18:23 +0000  2464 bytes for ./Payload/ChargeAndChew.app/Web/vendor/images/marker-icon-2x.png
2026-09-20 17:18:23 +0000  copying file ./Payload/ChargeAndChew.app/Web/vendor/images/marker-shadow.png ... 
2026-09-20 17:18:23 +0000  618 bytes for ./Payload/ChargeAndChew.app/Web/vendor/images/marker-shadow.png
2026-09-20 17:18:23 +0000  copying file ./Payload/ChargeAndChew.app/Web/vendor/images/layers-2x.png ... 
2026-09-20 17:18:23 +0000  1259 bytes for ./Payload/ChargeAndChew.app/Web/vendor/images/layers-2x.png
2026-09-20 17:18:23 +0000  copying file ./Payload/ChargeAndChew.app/Web/vendor/leaflet.css ... 
2026-09-20 17:18:23 +0000  14806 bytes for ./Payload/ChargeAndChew.app/Web/vendor/leaflet.css
2026-09-20 17:18:23 +0000  copying file ./Payload/ChargeAndChew.app/Web/icon-512.png ... 
2026-09-20 17:18:23 +0000  74309 bytes for ./Payload/ChargeAndChew.app/Web/icon-512.png
2026-09-20 17:18:23 +0000  copying file ./Payload/ChargeAndChew.app/ChargeAndChew ... 
2026-09-20 17:18:23 +0000  272016 bytes for ./Payload/ChargeAndChew.app/ChargeAndChew
2026-09-20 17:18:23 +0000  copying file ./Payload/ChargeAndChew.app/Assets.car ... 
2026-09-20 17:18:23 +0000  245288 bytes for ./Payload/ChargeAndChew.app/Assets.car
2026-09-20 17:18:23 +0000  copying file ./Payload/ChargeAndChew.app/AppIcon76x76@2x~ipad.png ... 
2026-09-20 17:18:23 +0000  12728 bytes for ./Payload/ChargeAndChew.app/AppIcon76x76@2x~ipad.png
2026-09-20 17:18:23 +0000  copying file ./Payload/ChargeAndChew.app/LaunchScreen.storyboardc/01J-lp-oVM-view-Ze5-6b-2t3.nib ... 
2026-09-20 17:18:23 +0000  2214 bytes for ./Payload/ChargeAndChew.app/LaunchScreen.storyboardc/01J-lp-oVM-view-Ze5-6b-2t3.nib
2026-09-20 17:18:23 +0000  copying file ./Payload/ChargeAndChew.app/LaunchScreen.storyboardc/UIViewController-01J-lp-oVM.nib ... 
2026-09-20 17:18:23 +0000  924 bytes for ./Payload/ChargeAndChew.app/LaunchScreen.storyboardc/UIViewController-01J-lp-oVM.nib
2026-09-20 17:18:23 +0000  copying file ./Payload/ChargeAndChew.app/LaunchScreen.storyboardc/Info.plist ... 
258 bytes for ./Payload/ChargeAndChew.app/LaunchScreen.storyboardc/Info.plist
2026-09-20 17:18:23 +0000  copying file ./Payload/ChargeAndChew.app/embedded.mobileprovision ... 
2026-09-20 17:18:23 +0000  12108 bytes for ./Payload/ChargeAndChew.app/embedded.mobileprovision
2026-09-20 17:18:23 +0000  copying file ./Payload/ChargeAndChew.app/Info.plist ... 
2026-09-20 17:18:23 +0000  3324 bytes for ./Payload/ChargeAndChew.app/Info.plist
2026-09-20 17:18:23 +0000  copying file ./Payload/ChargeAndChew.app/PkgInfo ... 
8 bytes for ./Payload/ChargeAndChew.app/PkgInfo
2026-09-20 17:18:23 +0000  copying file ./Symbols/89AA5C48-09A1-3275-B38C-518E77FFAFB8.symbols ... 
2026-09-20 17:18:23 +0000  158228 bytes for ./Symbols/89AA5C48-09A1-3275-B38C-518E77FFAFB8.symbols
2026-09-20 17:18:23 +0000  copying file ./Symbols/42C750C6-C4BE-39D8-91BE-CCE04EDC0A69.symbols ... 
2026-09-20 17:18:23 +0000  333796 bytes for ./Symbols/42C750C6-C4BE-39D8-91BE-CCE04EDC0A69.symbols
2026-09-20 17:18:23 +0000 [MT] /usr/bin/ditto exited with 0
2026-09-20 17:18:23 +0000 [MT] Processing step: IDEDistributionAppStoreInformationStep
2026-09-20 17:18:23 +0000 [MT] Skipping step: IDEDistributionAppStoreInformationStep because it said so
2026-09-20 17:18:23 +0000 [MT] Processing step: IDEDistributionGenerateProcessedDistributionItems
2026-09-20 17:18:23 +0000 [MT] IDEDistributionItem init <DVTFilePath:0x7dbaec4d0:'/var/folders/s7/lnf79lnn6t99dff_w6b0lbwr0000gn/T/XcodeDistPipeline.~~~ZAFmrP/Root/Payload/ChargeAndChew.app/PlugIns/ChargeAndChewWidget.appex'>
2026-09-20 17:18:23 +0000 [MT] IDEDistributionItem init <DVTFilePath:0x7dbaec460:'/var/folders/s7/lnf79lnn6t99dff_w6b0lbwr0000gn/T/XcodeDistPipeline.~~~ZAFmrP/Root/Payload/ChargeAndChew.app'>
2026-09-20 17:18:23 +0000 [MT] Processing step: IDEDistributionCreateManifestStep
2026-09-20 17:18:23 +0000 [MT] Skipping step: IDEDistributionCreateManifestStep because it said so
